stm32f4xx_ll_tim.c:731:20:OC1Config	8	static
stm32f4xx_ll_tim.c:810:20:OC2Config	8	static
stm32f4xx_ll_tim.c:889:20:OC3Config	8	static
stm32f4xx_ll_tim.c:968:20:OC4Config	8	static
stm32f4xx_ll_tim.c:1039:20:IC1Config	4	static
stm32f4xx_ll_tim.c:1072:20:IC2Config	4	static
stm32f4xx_ll_tim.c:1105:20:IC3Config	4	static
stm32f4xx_ll_tim.c:1138:20:IC4Config	4	static
stm32f4xx_ll_tim.c:169:13:LL_TIM_DeInit	0	static
stm32f4xx_ll_tim.c:286:6:LL_TIM_StructInit	0	static
stm32f4xx_ll_tim.c:304:13:LL_TIM_Init	0	static
stm32f4xx_ll_tim.c:355:6:LL_TIM_OC_StructInit	0	static
stm32f4xx_ll_tim.c:381:13:LL_TIM_OC_Init	8	static
stm32f4xx_ll_tim.c:412:6:LL_TIM_IC_StructInit	0	static
stm32f4xx_ll_tim.c:434:13:LL_TIM_IC_Init	8	static
stm32f4xx_ll_tim.c:464:6:LL_TIM_ENCODER_StructInit	0	static
stm32f4xx_ll_tim.c:486:13:LL_TIM_ENCODER_Init	4	static
stm32f4xx_ll_tim.c:548:6:LL_TIM_HALLSENSOR_StructInit	0	static
stm32f4xx_ll_tim.c:577:13:LL_TIM_HALLSENSOR_Init	12	static
stm32f4xx_ll_tim.c:655:6:LL_TIM_BDTR_StructInit	0	static
stm32f4xx_ll_tim.c:680:13:LL_TIM_BDTR_Init	0	static
